17.Write a stored procedure using cursor to reduce price by Rs. 50 of 1st edition of all
books and store ISBN,Title and reduced price in new table

mysql> /*-------------QUES 17--------------*/
mysql> CREATE DATABASE QUES17;
Query OK, 1 row affected (0.10 sec)

mysql> USE QUES17;
Database changed
mysql> CREATE TABLE Books (
    ->     ISBN VARCHAR(20) PRIMARY KEY,
    ->     Title VARCHAR(100) NOT NULL,
    ->     Price DECIMAL(10, 2) NOT NULL,
    ->     Edition INT NOT NULL
    -> );
Query OK, 0 rows affected (0.13 sec)

mysql> 
mysql> INSERT INTO Books (ISBN, Title, Price, Edition) VALUES
    -> ('978-0061120084', 'To Kill a Mockingbird', 250.00, 1),
    -> ('978-0451524935', '1984', 180.00, 1),
    -> ('978-0743273565', 'The Great Gatsby', 200.00, 1),
    -> ('978-1612930845', 'Pride and Prejudice', 150.00, 1),
    -> ('978-0316769488', 'The Catcher in the Rye', 220.00, 1);
Query OK, 5 rows affected (0.01 sec)
Records: 5  Duplicates: 0  Warnings: 0

mysql> 
mysql> DELIMITER //
mysql> 
mysql> CREATE PROCEDURE ReducePriceOfFirstEditionBooks()
    -> BEGIN
    ->     DECLARE done INT DEFAULT FALSE;
    ->     DECLARE isbn_var VARCHAR(20);
    ->     DECLARE title_var VARCHAR(100);
    ->     DECLARE price_var DECIMAL(10, 2);
    ->     
    ->     -- Declare variables for cursor
    ->     DECLARE cur CURSOR FOR
    ->         SELECT ISBN, Title, Price
    ->         FROM Books
    ->         WHERE Edition = 1; -- Assuming '1st edition' is represented by Edition = 1
    ->     
    ->     -- Declare handler for cursor
    ->     DECLARE CONTINUE HANDLER FOR NOT FOUND SET done = TRUE;
    ->     
    ->     -- Create a new table to store ISBN, Title, and reduced price
    ->     CREATE TABLE IF NOT EXISTS ReducedPriceBooks (
    ->         ISBN VARCHAR(20),
    ->         Title VARCHAR(100),
    ->         ReducedPrice DECIMAL(10, 2)
    ->     );
    ->     
    ->     -- Open the cursor
    ->     OPEN cur;
    ->     
    ->     -- Start fetching data from the cursor
    ->     read_loop: LOOP
    ->         FETCH cur INTO isbn_var, title_var, price_var;
    ->         
    ->         -- Exit loop if no more rows found
    ->         IF done THEN
    ->             LEAVE read_loop;
    ->         END IF;
    ->         
    ->         -- Reduce price by Rs. 50
    ->         SET price_var = price_var - 50;
    ->         
    ->         -- Insert data into the new table
    ->         INSERT INTO ReducedPriceBooks (ISBN, Title, ReducedPrice)
    ->         VALUES (isbn_var, title_var, price_var);
    ->     END LOOP;
    ->     
    ->     -- Close the cursor
    ->     CLOSE cur;
    ->     
    -> END//
Query OK, 0 rows affected (0.02 sec)

mysql> 
mysql> DELIMITER ;
mysql> CALL ReducePriceOfFirstEditionBooks();
Query OK, 0 rows affected (0.15 sec)

mysql> SELECT * FROM ReducedPriceBooks;
+----------------+------------------------+--------------+
| ISBN           | Title                  | ReducedPrice |
+----------------+------------------------+--------------+
| 978-0061120084 | To Kill a Mockingbird  |       200.00 |
| 978-0316769488 | The Catcher in the Rye |       170.00 |
| 978-0451524935 | 1984                   |       130.00 |
| 978-0743273565 | The Great Gatsby       |       150.00 |
| 978-1612930845 | Pride and Prejudice    |       100.00 |
+----------------+------------------------+--------------+
5 rows in set (0.00 sec)
