17.Write a stored procedure using cursor to reduce price by Rs. 50 of 1st edition of all
books and store ISBN,Title and reduced price in new table

mysql> /*-------------QUES 17--------------*/
mysql> CREATE DATABASE QUES17;
Query OK, 1 row affected (0.00 sec)

mysql> USE QUES17;
Database changed
mysql> DELIMITER //
mysql>
mysql> CREATE PROCEDURE ReducePriceOfFirstEditionBooks()
    -> BEGIN
    -> DECLARE done INT DEFAULT FALSE;
    ->
    ->     DECLARE isbn_var VARCHAR(20);
    ->     DECLARE title_var VARCHAR(100);
    ->     DECLARE price_var DECIMAL(10, 2);
    -> DECLARE cur CURSOR FOR
    ->         SELECT ISBN, Title, Price
    ->         FROM Books
    ->         WHERE Edition = 1; -- Assuming '1st edition' is represented by Edition = 1
    ->  DECLARE CONTINUE HANDLER FOR NOT FOUND SET done = TRUE;
    -> CREATE TABLE IF NOT EXISTS ReducedPriceBooks (
    ->         ISBN VARCHAR(20),
    ->         Title VARCHAR(100),
    ->         ReducedPrice DECIMAL(10, 2)
    ->     );
    ->  OPEN cur;
    -> read_loop: LOOP
    ->         FETCH cur INTO isbn_var, title_var, price_var;
    ->
    ->         -- Exit loop if no more rows found
    ->         IF done THEN
    ->             LEAVE read_loop;
    ->         END IF;
    ->  SET price_var = price_var - 50;
    ->  INSERT INTO ReducedPriceBooks (ISBN, Title, ReducedPrice)
    ->         VALUES (isbn_var, title_var, price_var);
    ->     END LOOP;
    ->  CLOSE cur;
    -> END//
Query OK, 0 rows affected (0.01 sec)

mysql> DELIMITER;
